------------------------------------------------------------
TimeQuest Timing Analyzer Summary
------------------------------------------------------------

Type  : Slow 1200mV 85C Model Setup 'statectrl:U14|enalu_latch'
Slack : -16.682
TNS   : -187.800

Type  : Slow 1200mV 85C Model Setup 'statectrl:U14|dbfbin_latch'
Slack : -9.107
TNS   : -61.106

Type  : Slow 1200mV 85C Model Setup 'ram:U3|ram_address_latch[0]'
Slack : -9.088
TNS   : -891.072

Type  : Slow 1200mV 85C Model Setup 'statectrl:U14|ramin_latch'
Slack : -7.538
TNS   : -28.318

Type  : Slow 1200mV 85C Model Setup 'rom_new:U4|monostable_trigger:inst3|pulse'
Slack : -7.148
TNS   : -27.804

Type  : Slow 1200mV 85C Model Setup 'statectrl:U14|enirin_latch'
Slack : -6.954
TNS   : -104.653

Type  : Slow 1200mV 85C Model Setup 'clk_divider:U1|clk_led'
Slack : -6.143
TNS   : -48.929

Type  : Slow 1200mV 85C Model Setup 'statectrl:U14|enled_latch'
Slack : -5.805
TNS   : -5.805

Type  : Slow 1200mV 85C Model Setup 'ir:U5|instruction[10]'
Slack : -5.432
TNS   : -148.537

Type  : Slow 1200mV 85C Model Setup 'clk_divider:U1|clk_out'
Slack : -4.876
TNS   : -146.658

Type  : Slow 1200mV 85C Model Setup 'statectrl:U14|nextn_latch'
Slack : -2.803
TNS   : -22.424

Type  : Slow 1200mV 85C Model Setup 'clk_input'
Slack : -2.044
TNS   : -26.319

Type  : Slow 1200mV 85C Model Hold 'clk_divider:U1|clk_out'
Slack : -2.977
TNS   : -2.977

Type  : Slow 1200mV 85C Model Hold 'ir:U5|instruction[10]'
Slack : -0.298
TNS   : -0.390

Type  : Slow 1200mV 85C Model Hold 'statectrl:U14|enalu_latch'
Slack : 0.017
TNS   : 0.000

Type  : Slow 1200mV 85C Model Hold 'statectrl:U14|dbfbin_latch'
Slack : 0.208
TNS   : 0.000

Type  : Slow 1200mV 85C Model Hold 'clk_input'
Slack : 0.454
TNS   : 0.000

Type  : Slow 1200mV 85C Model Hold 'ram:U3|ram_address_latch[0]'
Slack : 0.548
TNS   : 0.000

Type  : Slow 1200mV 85C Model Hold 'clk_divider:U1|clk_led'
Slack : 0.725
TNS   : 0.000

Type  : Slow 1200mV 85C Model Hold 'statectrl:U14|nextn_latch'
Slack : 0.777
TNS   : 0.000

Type  : Slow 1200mV 85C Model Hold 'statectrl:U14|enled_latch'
Slack : 0.969
TNS   : 0.000

Type  : Slow 1200mV 85C Model Hold 'statectrl:U14|enirin_latch'
Slack : 1.977
TNS   : 0.000

Type  : Slow 1200mV 85C Model Hold 'rom_new:U4|monostable_trigger:inst3|pulse'
Slack : 2.344
TNS   : 0.000

Type  : Slow 1200mV 85C Model Hold 'statectrl:U14|ramin_latch'
Slack : 2.537
TNS   : 0.000

Type  : Slow 1200mV 85C Model Recovery 'statectrl:U14|romin_latch'
Slack : -1.167
TNS   : -1.167

Type  : Slow 1200mV 85C Model Recovery 'clk_input'
Slack : -0.380
TNS   : -1.140

Type  : Slow 1200mV 85C Model Removal 'clk_input'
Slack : 0.556
TNS   : 0.000

Type  : Slow 1200mV 85C Model Removal 'statectrl:U14|romin_latch'
Slack : 1.591
TNS   : 0.000

Type  : Slow 1200mV 85C Model Minimum Pulse Width 'rom_new:U4|monostable_trigger:inst3|pulse'
Slack : -3.201
TNS   : -28.809

Type  : Slow 1200mV 85C Model Minimum Pulse Width 'statectrl:U14|enled_latch'
Slack : -3.201
TNS   : -3.201

Type  : Slow 1200mV 85C Model Minimum Pulse Width 'clk_input'
Slack : -3.000
TNS   : -37.201

Type  : Slow 1200mV 85C Model Minimum Pulse Width 'clk_divider:U1|clk_out'
Slack : -1.487
TNS   : -113.019

Type  : Slow 1200mV 85C Model Minimum Pulse Width 'ir:U5|instruction[10]'
Slack : -1.487
TNS   : -71.376

Type  : Slow 1200mV 85C Model Minimum Pulse Width 'statectrl:U14|enirin_latch'
Slack : -1.487
TNS   : -25.279

Type  : Slow 1200mV 85C Model Minimum Pulse Width 'clk_divider:U1|clk_led'
Slack : -1.487
TNS   : -19.331

Type  : Slow 1200mV 85C Model Minimum Pulse Width 'statectrl:U14|enalu_latch'
Slack : -1.487
TNS   : -11.896

Type  : Slow 1200mV 85C Model Minimum Pulse Width 'statectrl:U14|nextn_latch'
Slack : -1.487
TNS   : -11.896

Type  : Slow 1200mV 85C Model Minimum Pulse Width 'statectrl:U14|ramin_latch'
Slack : -1.487
TNS   : -5.948

Type  : Slow 1200mV 85C Model Minimum Pulse Width 'statectrl:U14|romin_latch'
Slack : -1.487
TNS   : -1.487

Type  : Slow 1200mV 85C Model Minimum Pulse Width 'ram:U3|ram_address_latch[0]'
Slack : 0.199
TNS   : 0.000

Type  : Slow 1200mV 85C Model Minimum Pulse Width 'statectrl:U14|dbfbin_latch'
Slack : 0.347
TNS   : 0.000

Type  : Slow 1200mV 0C Model Setup 'statectrl:U14|enalu_latch'
Slack : -15.522
TNS   : -176.147

Type  : Slow 1200mV 0C Model Setup 'statectrl:U14|dbfbin_latch'
Slack : -8.726
TNS   : -58.608

Type  : Slow 1200mV 0C Model Setup 'ram:U3|ram_address_latch[0]'
Slack : -8.649
TNS   : -842.857

Type  : Slow 1200mV 0C Model Setup 'statectrl:U14|ramin_latch'
Slack : -6.908
TNS   : -26.075

Type  : Slow 1200mV 0C Model Setup 'rom_new:U4|monostable_trigger:inst3|pulse'
Slack : -6.682
TNS   : -24.722

Type  : Slow 1200mV 0C Model Setup 'statectrl:U14|enirin_latch'
Slack : -6.494
TNS   : -97.091

Type  : Slow 1200mV 0C Model Setup 'clk_divider:U1|clk_led'
Slack : -5.696
TNS   : -44.819

Type  : Slow 1200mV 0C Model Setup 'statectrl:U14|enled_latch'
Slack : -5.435
TNS   : -5.435

Type  : Slow 1200mV 0C Model Setup 'ir:U5|instruction[10]'
Slack : -5.199
TNS   : -141.206

Type  : Slow 1200mV 0C Model Setup 'clk_divider:U1|clk_out'
Slack : -4.548
TNS   : -131.338

Type  : Slow 1200mV 0C Model Setup 'statectrl:U14|nextn_latch'
Slack : -2.535
TNS   : -20.280

Type  : Slow 1200mV 0C Model Setup 'clk_input'
Slack : -1.701
TNS   : -21.717

Type  : Slow 1200mV 0C Model Hold 'clk_divider:U1|clk_out'
Slack : -2.791
TNS   : -2.791

Type  : Slow 1200mV 0C Model Hold 'ir:U5|instruction[10]'
Slack : -0.442
TNS   : -1.449

Type  : Slow 1200mV 0C Model Hold 'statectrl:U14|enalu_latch'
Slack : -0.009
TNS   : -0.009

Type  : Slow 1200mV 0C Model Hold 'statectrl:U14|dbfbin_latch'
Slack : 0.175
TNS   : 0.000

Type  : Slow 1200mV 0C Model Hold 'clk_input'
Slack : 0.402
TNS   : 0.000

Type  : Slow 1200mV 0C Model Hold 'ram:U3|ram_address_latch[0]'
Slack : 0.514
TNS   : 0.000

Type  : Slow 1200mV 0C Model Hold 'clk_divider:U1|clk_led'
Slack : 0.679
TNS   : 0.000

Type  : Slow 1200mV 0C Model Hold 'statectrl:U14|nextn_latch'
Slack : 0.722
TNS   : 0.000

Type  : Slow 1200mV 0C Model Hold 'statectrl:U14|enled_latch'
Slack : 0.812
TNS   : 0.000

Type  : Slow 1200mV 0C Model Hold 'statectrl:U14|enirin_latch'
Slack : 1.795
TNS   : 0.000

Type  : Slow 1200mV 0C Model Hold 'rom_new:U4|monostable_trigger:inst3|pulse'
Slack : 2.102
TNS   : 0.000

Type  : Slow 1200mV 0C Model Hold 'statectrl:U14|ramin_latch'
Slack : 2.231
TNS   : 0.000

Type  : Slow 1200mV 0C Model Recovery 'statectrl:U14|romin_latch'
Slack : -0.914
TNS   : -0.914

Type  : Slow 1200mV 0C Model Recovery 'clk_input'
Slack : -0.210
TNS   : -0.630

Type  : Slow 1200mV 0C Model Removal 'clk_input'
Slack : 0.626
TNS   : 0.000

Type  : Slow 1200mV 0C Model Removal 'statectrl:U14|romin_latch'
Slack : 1.396
TNS   : 0.000

Type  : Slow 1200mV 0C Model Minimum Pulse Width 'rom_new:U4|monostable_trigger:inst3|pulse'
Slack : -3.201
TNS   : -28.809

Type  : Slow 1200mV 0C Model Minimum Pulse Width 'statectrl:U14|enled_latch'
Slack : -3.201
TNS   : -3.201

Type  : Slow 1200mV 0C Model Minimum Pulse Width 'clk_input'
Slack : -3.000
TNS   : -37.201

Type  : Slow 1200mV 0C Model Minimum Pulse Width 'clk_divider:U1|clk_out'
Slack : -1.487
TNS   : -113.627

Type  : Slow 1200mV 0C Model Minimum Pulse Width 'ir:U5|instruction[10]'
Slack : -1.487
TNS   : -72.943

Type  : Slow 1200mV 0C Model Minimum Pulse Width 'statectrl:U14|enirin_latch'
Slack : -1.487
TNS   : -25.363

Type  : Slow 1200mV 0C Model Minimum Pulse Width 'clk_divider:U1|clk_led'
Slack : -1.487
TNS   : -19.331

Type  : Slow 1200mV 0C Model Minimum Pulse Width 'statectrl:U14|enalu_latch'
Slack : -1.487
TNS   : -11.896

Type  : Slow 1200mV 0C Model Minimum Pulse Width 'statectrl:U14|nextn_latch'
Slack : -1.487
TNS   : -11.896

Type  : Slow 1200mV 0C Model Minimum Pulse Width 'statectrl:U14|ramin_latch'
Slack : -1.487
TNS   : -5.948

Type  : Slow 1200mV 0C Model Minimum Pulse Width 'statectrl:U14|romin_latch'
Slack : -1.487
TNS   : -1.487

Type  : Slow 1200mV 0C Model Minimum Pulse Width 'ram:U3|ram_address_latch[0]'
Slack : -0.053
TNS   : -0.142

Type  : Slow 1200mV 0C Model Minimum Pulse Width 'statectrl:U14|dbfbin_latch'
Slack : 0.184
TNS   : 0.000

Type  : Fast 1200mV 0C Model Setup 'statectrl:U14|enalu_latch'
Slack : -6.867
TNS   : -77.118

Type  : Fast 1200mV 0C Model Setup 'ram:U3|ram_address_latch[0]'
Slack : -3.735
TNS   : -345.451

Type  : Fast 1200mV 0C Model Setup 'statectrl:U14|dbfbin_latch'
Slack : -3.728
TNS   : -23.940

Type  : Fast 1200mV 0C Model Setup 'statectrl:U14|ramin_latch'
Slack : -3.183
TNS   : -11.245

Type  : Fast 1200mV 0C Model Setup 'rom_new:U4|monostable_trigger:inst3|pulse'
Slack : -2.915
TNS   : -5.347

Type  : Fast 1200mV 0C Model Setup 'statectrl:U14|enirin_latch'
Slack : -2.770
TNS   : -40.212

Type  : Fast 1200mV 0C Model Setup 'statectrl:U14|enled_latch'
Slack : -2.171
TNS   : -2.171

Type  : Fast 1200mV 0C Model Setup 'ir:U5|instruction[10]'
Slack : -2.131
TNS   : -55.733

Type  : Fast 1200mV 0C Model Setup 'clk_divider:U1|clk_led'
Slack : -1.794
TNS   : -13.387

Type  : Fast 1200mV 0C Model Setup 'clk_divider:U1|clk_out'
Slack : -1.578
TNS   : -30.327

Type  : Fast 1200mV 0C Model Setup 'statectrl:U14|nextn_latch'
Slack : -0.660
TNS   : -5.280

Type  : Fast 1200mV 0C Model Setup 'clk_input'
Slack : -0.350
TNS   : -1.830

Type  : Fast 1200mV 0C Model Hold 'clk_divider:U1|clk_out'
Slack : -1.298
TNS   : -1.315

Type  : Fast 1200mV 0C Model Hold 'ir:U5|instruction[10]'
Slack : -0.259
TNS   : -1.039

Type  : Fast 1200mV 0C Model Hold 'statectrl:U14|enalu_latch'
Slack : 0.026
TNS   : 0.000

Type  : Fast 1200mV 0C Model Hold 'ram:U3|ram_address_latch[0]'
Slack : 0.052
TNS   : 0.000

Type  : Fast 1200mV 0C Model Hold 'statectrl:U14|dbfbin_latch'
Slack : 0.109
TNS   : 0.000

Type  : Fast 1200mV 0C Model Hold 'clk_input'
Slack : 0.187
TNS   : 0.000

Type  : Fast 1200mV 0C Model Hold 'statectrl:U14|enled_latch'
Slack : 0.303
TNS   : 0.000

Type  : Fast 1200mV 0C Model Hold 'clk_divider:U1|clk_led'
Slack : 0.305
TNS   : 0.000

Type  : Fast 1200mV 0C Model Hold 'statectrl:U14|nextn_latch'
Slack : 0.313
TNS   : 0.000

Type  : Fast 1200mV 0C Model Hold 'statectrl:U14|enirin_latch'
Slack : 0.807
TNS   : 0.000

Type  : Fast 1200mV 0C Model Hold 'rom_new:U4|monostable_trigger:inst3|pulse'
Slack : 0.908
TNS   : 0.000

Type  : Fast 1200mV 0C Model Hold 'statectrl:U14|ramin_latch'
Slack : 0.994
TNS   : 0.000

Type  : Fast 1200mV 0C Model Recovery 'statectrl:U14|romin_latch'
Slack : -0.037
TNS   : -0.037

Type  : Fast 1200mV 0C Model Recovery 'clk_input'
Slack : -0.016
TNS   : -0.048

Type  : Fast 1200mV 0C Model Removal 'clk_input'
Slack : 0.106
TNS   : 0.000

Type  : Fast 1200mV 0C Model Removal 'statectrl:U14|romin_latch'
Slack : 0.756
TNS   : 0.000

Type  : Fast 1200mV 0C Model Minimum Pulse Width 'clk_input'
Slack : -3.000
TNS   : -27.494

Type  : Fast 1200mV 0C Model Minimum Pulse Width 'clk_divider:U1|clk_out'
Slack : -1.000
TNS   : -76.000

Type  : Fast 1200mV 0C Model Minimum Pulse Width 'ir:U5|instruction[10]'
Slack : -1.000
TNS   : -48.000

Type  : Fast 1200mV 0C Model Minimum Pulse Width 'statectrl:U14|enirin_latch'
Slack : -1.000
TNS   : -17.000

Type  : Fast 1200mV 0C Model Minimum Pulse Width 'clk_divider:U1|clk_led'
Slack : -1.000
TNS   : -13.000

Type  : Fast 1200mV 0C Model Minimum Pulse Width 'rom_new:U4|monostable_trigger:inst3|pulse'
Slack : -1.000
TNS   : -9.000

Type  : Fast 1200mV 0C Model Minimum Pulse Width 'statectrl:U14|enalu_latch'
Slack : -1.000
TNS   : -8.000

Type  : Fast 1200mV 0C Model Minimum Pulse Width 'statectrl:U14|nextn_latch'
Slack : -1.000
TNS   : -8.000

Type  : Fast 1200mV 0C Model Minimum Pulse Width 'statectrl:U14|ramin_latch'
Slack : -1.000
TNS   : -4.000

Type  : Fast 1200mV 0C Model Minimum Pulse Width 'statectrl:U14|enled_latch'
Slack : -1.000
TNS   : -1.000

Type  : Fast 1200mV 0C Model Minimum Pulse Width 'statectrl:U14|romin_latch'
Slack : -1.000
TNS   : -1.000

Type  : Fast 1200mV 0C Model Minimum Pulse Width 'ram:U3|ram_address_latch[0]'
Slack : 0.231
TNS   : 0.000

Type  : Fast 1200mV 0C Model Minimum Pulse Width 'statectrl:U14|dbfbin_latch'
Slack : 0.327
TNS   : 0.000

------------------------------------------------------------
