------------------------------------------------------------
TimeQuest Timing Analyzer Summary
------------------------------------------------------------

Type  : Slow 1200mV 85C Model Setup 'statectrl:U14|enalu_latch'
Slack : -18.026
TNS   : -195.248

Type  : Slow 1200mV 85C Model Setup 'statectrl:U14|dbfbin_latch'
Slack : -7.857
TNS   : -57.574

Type  : Slow 1200mV 85C Model Setup 'statectrl:U14|enirin_latch'
Slack : -7.363
TNS   : -98.964

Type  : Slow 1200mV 85C Model Setup 'clk_divider:U1|clk_out'
Slack : -7.357
TNS   : -267.139

Type  : Slow 1200mV 85C Model Setup 'statectrl:U14|ramin_latch'
Slack : -7.082
TNS   : -48.593

Type  : Slow 1200mV 85C Model Setup 'statectrl:U14|ramwt_latch'
Slack : -7.071
TNS   : -7.915

Type  : Slow 1200mV 85C Model Setup 'ir:U5|instruction[10]'
Slack : -6.303
TNS   : -175.128

Type  : Slow 1200mV 85C Model Setup 'clk_divider:U1|clk_led'
Slack : -6.179
TNS   : -50.606

Type  : Slow 1200mV 85C Model Setup 'uart:uart_inst|baud_gen:inst|bclk'
Slack : -5.842
TNS   : -346.241

Type  : Slow 1200mV 85C Model Setup 'statectrl:U14|enled_latch'
Slack : -5.557
TNS   : -5.557

Type  : Slow 1200mV 85C Model Setup 'rom_new:U4|monostable_trigger:inst3|pulse'
Slack : -5.365
TNS   : -26.021

Type  : Slow 1200mV 85C Model Setup 'clk_input'
Slack : -4.095
TNS   : -519.432

Type  : Slow 1200mV 85C Model Setup 'statectrl:U14|nextn_latch'
Slack : -3.656
TNS   : -23.317

Type  : Slow 1200mV 85C Model Setup 'statectrl:U14|ramrd_latch'
Slack : -2.647
TNS   : -21.176

Type  : Slow 1200mV 85C Model Setup 'uart:uart_inst|rxd:inst1|r_ready'
Slack : -1.207
TNS   : -6.285

Type  : Slow 1200mV 85C Model Hold 'clk_divider:U1|clk_out'
Slack : -2.142
TNS   : -2.142

Type  : Slow 1200mV 85C Model Hold 'ir:U5|instruction[10]'
Slack : -0.176
TNS   : -0.392

Type  : Slow 1200mV 85C Model Hold 'statectrl:U14|enalu_latch'
Slack : -0.006
TNS   : -0.006

Type  : Slow 1200mV 85C Model Hold 'statectrl:U14|dbfbin_latch'
Slack : 0.202
TNS   : 0.000

Type  : Slow 1200mV 85C Model Hold 'clk_input'
Slack : 0.446
TNS   : 0.000

Type  : Slow 1200mV 85C Model Hold 'uart:uart_inst|baud_gen:inst|bclk'
Slack : 0.453
TNS   : 0.000

Type  : Slow 1200mV 85C Model Hold 'statectrl:U14|nextn_latch'
Slack : 0.524
TNS   : 0.000

Type  : Slow 1200mV 85C Model Hold 'clk_divider:U1|clk_led'
Slack : 0.724
TNS   : 0.000

Type  : Slow 1200mV 85C Model Hold 'rom_new:U4|monostable_trigger:inst3|pulse'
Slack : 0.746
TNS   : 0.000

Type  : Slow 1200mV 85C Model Hold 'statectrl:U14|enled_latch'
Slack : 0.834
TNS   : 0.000

Type  : Slow 1200mV 85C Model Hold 'statectrl:U14|ramwt_latch'
Slack : 0.897
TNS   : 0.000

Type  : Slow 1200mV 85C Model Hold 'uart:uart_inst|rxd:inst1|r_ready'
Slack : 1.027
TNS   : 0.000

Type  : Slow 1200mV 85C Model Hold 'statectrl:U14|enirin_latch'
Slack : 1.058
TNS   : 0.000

Type  : Slow 1200mV 85C Model Hold 'statectrl:U14|ramin_latch'
Slack : 1.701
TNS   : 0.000

Type  : Slow 1200mV 85C Model Hold 'statectrl:U14|ramrd_latch'
Slack : 3.084
TNS   : 0.000

Type  : Slow 1200mV 85C Model Recovery 'clk_input'
Slack : -1.728
TNS   : -93.683

Type  : Slow 1200mV 85C Model Recovery 'uart:uart_inst|txd:inst2|txd_done'
Slack : -0.937
TNS   : -0.937

Type  : Slow 1200mV 85C Model Recovery 'statectrl:U14|romin_latch'
Slack : -0.768
TNS   : -0.768

Type  : Slow 1200mV 85C Model Recovery 'uart:uart_inst|baud_gen:inst|bclk'
Slack : -0.533
TNS   : -7.626

Type  : Slow 1200mV 85C Model Recovery 'uart:uart_inst|rxd:inst1|r_ready'
Slack : -0.308
TNS   : -0.308

Type  : Slow 1200mV 85C Model Removal 'clk_input'
Slack : 0.432
TNS   : 0.000

Type  : Slow 1200mV 85C Model Removal 'uart:uart_inst|rxd:inst1|r_ready'
Slack : 0.677
TNS   : 0.000

Type  : Slow 1200mV 85C Model Removal 'uart:uart_inst|baud_gen:inst|bclk'
Slack : 0.701
TNS   : 0.000

Type  : Slow 1200mV 85C Model Removal 'statectrl:U14|romin_latch'
Slack : 1.170
TNS   : 0.000

Type  : Slow 1200mV 85C Model Removal 'uart:uart_inst|txd:inst2|txd_done'
Slack : 1.347
TNS   : 0.000

Type  : Slow 1200mV 85C Model Minimum Pulse Width 'rom_new:U4|monostable_trigger:inst3|pulse'
Slack : -3.201
TNS   : -28.809

Type  : Slow 1200mV 85C Model Minimum Pulse Width 'statectrl:U14|ramrd_latch'
Slack : -3.201
TNS   : -25.608

Type  : Slow 1200mV 85C Model Minimum Pulse Width 'statectrl:U14|ramwt_latch'
Slack : -3.201
TNS   : -6.402

Type  : Slow 1200mV 85C Model Minimum Pulse Width 'statectrl:U14|enled_latch'
Slack : -3.201
TNS   : -3.201

Type  : Slow 1200mV 85C Model Minimum Pulse Width 'clk_input'
Slack : -3.000
TNS   : -229.024

Type  : Slow 1200mV 85C Model Minimum Pulse Width 'uart:uart_inst|baud_gen:inst|bclk'
Slack : -1.487
TNS   : -162.083

Type  : Slow 1200mV 85C Model Minimum Pulse Width 'clk_divider:U1|clk_out'
Slack : -1.487
TNS   : -138.291

Type  : Slow 1200mV 85C Model Minimum Pulse Width 'ir:U5|instruction[10]'
Slack : -1.487
TNS   : -72.082

Type  : Slow 1200mV 85C Model Minimum Pulse Width 'statectrl:U14|enirin_latch'
Slack : -1.487
TNS   : -25.279

Type  : Slow 1200mV 85C Model Minimum Pulse Width 'clk_divider:U1|clk_led'
Slack : -1.487
TNS   : -19.331

Type  : Slow 1200mV 85C Model Minimum Pulse Width 'uart:uart_inst|rxd:inst1|r_ready'
Slack : -1.487
TNS   : -13.383

Type  : Slow 1200mV 85C Model Minimum Pulse Width 'statectrl:U14|enalu_latch'
Slack : -1.487
TNS   : -11.896

Type  : Slow 1200mV 85C Model Minimum Pulse Width 'statectrl:U14|nextn_latch'
Slack : -1.487
TNS   : -11.896

Type  : Slow 1200mV 85C Model Minimum Pulse Width 'statectrl:U14|ramin_latch'
Slack : -1.487
TNS   : -11.896

Type  : Slow 1200mV 85C Model Minimum Pulse Width 'statectrl:U14|romin_latch'
Slack : -1.487
TNS   : -1.487

Type  : Slow 1200mV 85C Model Minimum Pulse Width 'uart:uart_inst|txd:inst2|txd_done'
Slack : -1.487
TNS   : -1.487

Type  : Slow 1200mV 85C Model Minimum Pulse Width 'statectrl:U14|dbfbin_latch'
Slack : 0.424
TNS   : 0.000

Type  : Slow 1200mV 0C Model Setup 'statectrl:U14|enalu_latch'
Slack : -16.808
TNS   : -183.302

Type  : Slow 1200mV 0C Model Setup 'statectrl:U14|dbfbin_latch'
Slack : -7.483
TNS   : -54.998

Type  : Slow 1200mV 0C Model Setup 'clk_divider:U1|clk_out'
Slack : -6.993
TNS   : -246.452

Type  : Slow 1200mV 0C Model Setup 'statectrl:U14|enirin_latch'
Slack : -6.830
TNS   : -91.338

Type  : Slow 1200mV 0C Model Setup 'statectrl:U14|ramwt_latch'
Slack : -6.633
TNS   : -7.421

Type  : Slow 1200mV 0C Model Setup 'statectrl:U14|ramin_latch'
Slack : -6.547
TNS   : -44.645

Type  : Slow 1200mV 0C Model Setup 'ir:U5|instruction[10]'
Slack : -6.013
TNS   : -165.824

Type  : Slow 1200mV 0C Model Setup 'clk_divider:U1|clk_led'
Slack : -5.682
TNS   : -45.969

Type  : Slow 1200mV 0C Model Setup 'uart:uart_inst|baud_gen:inst|bclk'
Slack : -5.396
TNS   : -316.857

Type  : Slow 1200mV 0C Model Setup 'statectrl:U14|enled_latch'
Slack : -5.212
TNS   : -5.212

Type  : Slow 1200mV 0C Model Setup 'rom_new:U4|monostable_trigger:inst3|pulse'
Slack : -4.959
TNS   : -22.999

Type  : Slow 1200mV 0C Model Setup 'clk_input'
Slack : -3.782
TNS   : -474.015

Type  : Slow 1200mV 0C Model Setup 'statectrl:U14|nextn_latch'
Slack : -3.378
TNS   : -21.102

Type  : Slow 1200mV 0C Model Setup 'statectrl:U14|ramrd_latch'
Slack : -2.314
TNS   : -18.512

Type  : Slow 1200mV 0C Model Setup 'uart:uart_inst|rxd:inst1|r_ready'
Slack : -1.123
TNS   : -5.476

Type  : Slow 1200mV 0C Model Hold 'clk_divider:U1|clk_out'
Slack : -1.952
TNS   : -1.952

Type  : Slow 1200mV 0C Model Hold 'ir:U5|instruction[10]'
Slack : -0.296
TNS   : -1.068

Type  : Slow 1200mV 0C Model Hold 'statectrl:U14|enalu_latch'
Slack : -0.022
TNS   : -0.022

Type  : Slow 1200mV 0C Model Hold 'statectrl:U14|dbfbin_latch'
Slack : 0.169
TNS   : 0.000

Type  : Slow 1200mV 0C Model Hold 'clk_input'
Slack : 0.398
TNS   : 0.000

Type  : Slow 1200mV 0C Model Hold 'uart:uart_inst|baud_gen:inst|bclk'
Slack : 0.401
TNS   : 0.000

Type  : Slow 1200mV 0C Model Hold 'statectrl:U14|nextn_latch'
Slack : 0.483
TNS   : 0.000

Type  : Slow 1200mV 0C Model Hold 'clk_divider:U1|clk_led'
Slack : 0.683
TNS   : 0.000

Type  : Slow 1200mV 0C Model Hold 'rom_new:U4|monostable_trigger:inst3|pulse'
Slack : 0.701
TNS   : 0.000

Type  : Slow 1200mV 0C Model Hold 'statectrl:U14|enled_latch'
Slack : 0.783
TNS   : 0.000

Type  : Slow 1200mV 0C Model Hold 'statectrl:U14|ramwt_latch'
Slack : 0.870
TNS   : 0.000

Type  : Slow 1200mV 0C Model Hold 'statectrl:U14|enirin_latch'
Slack : 0.968
TNS   : 0.000

Type  : Slow 1200mV 0C Model Hold 'uart:uart_inst|rxd:inst1|r_ready'
Slack : 0.997
TNS   : 0.000

Type  : Slow 1200mV 0C Model Hold 'statectrl:U14|ramin_latch'
Slack : 1.621
TNS   : 0.000

Type  : Slow 1200mV 0C Model Hold 'statectrl:U14|ramrd_latch'
Slack : 2.813
TNS   : 0.000

Type  : Slow 1200mV 0C Model Recovery 'clk_input'
Slack : -1.566
TNS   : -81.012

Type  : Slow 1200mV 0C Model Recovery 'uart:uart_inst|txd:inst2|txd_done'
Slack : -0.691
TNS   : -0.691

Type  : Slow 1200mV 0C Model Recovery 'statectrl:U14|romin_latch'
Slack : -0.534
TNS   : -0.534

Type  : Slow 1200mV 0C Model Recovery 'uart:uart_inst|baud_gen:inst|bclk'
Slack : -0.383
TNS   : -5.286

Type  : Slow 1200mV 0C Model Recovery 'uart:uart_inst|rxd:inst1|r_ready'
Slack : -0.162
TNS   : -0.162

Type  : Slow 1200mV 0C Model Removal 'clk_input'
Slack : 0.488
TNS   : 0.000

Type  : Slow 1200mV 0C Model Removal 'uart:uart_inst|baud_gen:inst|bclk'
Slack : 0.494
TNS   : 0.000

Type  : Slow 1200mV 0C Model Removal 'uart:uart_inst|rxd:inst1|r_ready'
Slack : 0.593
TNS   : 0.000

Type  : Slow 1200mV 0C Model Removal 'statectrl:U14|romin_latch'
Slack : 1.000
TNS   : 0.000

Type  : Slow 1200mV 0C Model Removal 'uart:uart_inst|txd:inst2|txd_done'
Slack : 1.163
TNS   : 0.000

Type  : Slow 1200mV 0C Model Minimum Pulse Width 'rom_new:U4|monostable_trigger:inst3|pulse'
Slack : -3.201
TNS   : -28.809

Type  : Slow 1200mV 0C Model Minimum Pulse Width 'statectrl:U14|ramrd_latch'
Slack : -3.201
TNS   : -25.608

Type  : Slow 1200mV 0C Model Minimum Pulse Width 'statectrl:U14|ramwt_latch'
Slack : -3.201
TNS   : -6.402

Type  : Slow 1200mV 0C Model Minimum Pulse Width 'statectrl:U14|enled_latch'
Slack : -3.201
TNS   : -3.201

Type  : Slow 1200mV 0C Model Minimum Pulse Width 'clk_input'
Slack : -3.000
TNS   : -229.024

Type  : Slow 1200mV 0C Model Minimum Pulse Width 'uart:uart_inst|baud_gen:inst|bclk'
Slack : -1.487
TNS   : -162.083

Type  : Slow 1200mV 0C Model Minimum Pulse Width 'clk_divider:U1|clk_out'
Slack : -1.487
TNS   : -138.291

Type  : Slow 1200mV 0C Model Minimum Pulse Width 'ir:U5|instruction[10]'
Slack : -1.487
TNS   : -73.649

Type  : Slow 1200mV 0C Model Minimum Pulse Width 'statectrl:U14|enirin_latch'
Slack : -1.487
TNS   : -25.921

Type  : Slow 1200mV 0C Model Minimum Pulse Width 'clk_divider:U1|clk_led'
Slack : -1.487
TNS   : -19.331

Type  : Slow 1200mV 0C Model Minimum Pulse Width 'uart:uart_inst|rxd:inst1|r_ready'
Slack : -1.487
TNS   : -13.383

Type  : Slow 1200mV 0C Model Minimum Pulse Width 'statectrl:U14|enalu_latch'
Slack : -1.487
TNS   : -11.896

Type  : Slow 1200mV 0C Model Minimum Pulse Width 'statectrl:U14|nextn_latch'
Slack : -1.487
TNS   : -11.896

Type  : Slow 1200mV 0C Model Minimum Pulse Width 'statectrl:U14|ramin_latch'
Slack : -1.487
TNS   : -11.896

Type  : Slow 1200mV 0C Model Minimum Pulse Width 'statectrl:U14|romin_latch'
Slack : -1.487
TNS   : -1.487

Type  : Slow 1200mV 0C Model Minimum Pulse Width 'uart:uart_inst|txd:inst2|txd_done'
Slack : -1.487
TNS   : -1.487

Type  : Slow 1200mV 0C Model Minimum Pulse Width 'statectrl:U14|dbfbin_latch'
Slack : 0.291
TNS   : 0.000

Type  : Fast 1200mV 0C Model Setup 'statectrl:U14|enalu_latch'
Slack : -7.513
TNS   : -77.973

Type  : Fast 1200mV 0C Model Setup 'statectrl:U14|enirin_latch'
Slack : -3.022
TNS   : -40.907

Type  : Fast 1200mV 0C Model Setup 'statectrl:U14|dbfbin_latch'
Slack : -2.974
TNS   : -21.240

Type  : Fast 1200mV 0C Model Setup 'statectrl:U14|ramin_latch'
Slack : -2.906
TNS   : -19.875

Type  : Fast 1200mV 0C Model Setup 'statectrl:U14|ramwt_latch'
Slack : -2.864
TNS   : -2.864

Type  : Fast 1200mV 0C Model Setup 'clk_divider:U1|clk_out'
Slack : -2.567
TNS   : -75.362

Type  : Fast 1200mV 0C Model Setup 'ir:U5|instruction[10]'
Slack : -2.397
TNS   : -68.186

Type  : Fast 1200mV 0C Model Setup 'uart:uart_inst|baud_gen:inst|bclk'
Slack : -2.382
TNS   : -91.168

Type  : Fast 1200mV 0C Model Setup 'statectrl:U14|enled_latch'
Slack : -2.336
TNS   : -2.336

Type  : Fast 1200mV 0C Model Setup 'rom_new:U4|monostable_trigger:inst3|pulse'
Slack : -2.199
TNS   : -4.631

Type  : Fast 1200mV 0C Model Setup 'clk_divider:U1|clk_led'
Slack : -1.887
TNS   : -14.764

Type  : Fast 1200mV 0C Model Setup 'clk_input'
Slack : -1.124
TNS   : -133.659

Type  : Fast 1200mV 0C Model Setup 'statectrl:U14|nextn_latch'
Slack : -1.067
TNS   : -5.860

Type  : Fast 1200mV 0C Model Setup 'statectrl:U14|ramrd_latch'
Slack : -0.328
TNS   : -2.624

Type  : Fast 1200mV 0C Model Setup 'uart:uart_inst|rxd:inst1|r_ready'
Slack : 0.038
TNS   : 0.000

Type  : Fast 1200mV 0C Model Hold 'clk_divider:U1|clk_out'
Slack : -0.980
TNS   : -1.156

Type  : Fast 1200mV 0C Model Hold 'statectrl:U14|enalu_latch'
Slack : -0.080
TNS   : -0.080

Type  : Fast 1200mV 0C Model Hold 'ir:U5|instruction[10]'
Slack : -0.068
TNS   : -0.104

Type  : Fast 1200mV 0C Model Hold 'statectrl:U14|dbfbin_latch'
Slack : 0.006
TNS   : 0.000

Type  : Fast 1200mV 0C Model Hold 'uart:uart_inst|baud_gen:inst|bclk'
Slack : 0.089
TNS   : 0.000

Type  : Fast 1200mV 0C Model Hold 'statectrl:U14|enled_latch'
Slack : 0.137
TNS   : 0.000

Type  : Fast 1200mV 0C Model Hold 'rom_new:U4|monostable_trigger:inst3|pulse'
Slack : 0.185
TNS   : 0.000

Type  : Fast 1200mV 0C Model Hold 'clk_input'
Slack : 0.186
TNS   : 0.000

Type  : Fast 1200mV 0C Model Hold 'statectrl:U14|nextn_latch'
Slack : 0.211
TNS   : 0.000

Type  : Fast 1200mV 0C Model Hold 'statectrl:U14|enirin_latch'
Slack : 0.242
TNS   : 0.000

Type  : Fast 1200mV 0C Model Hold 'clk_divider:U1|clk_led'
Slack : 0.305
TNS   : 0.000

Type  : Fast 1200mV 0C Model Hold 'statectrl:U14|ramwt_latch'
Slack : 0.327
TNS   : 0.000

Type  : Fast 1200mV 0C Model Hold 'uart:uart_inst|rxd:inst1|r_ready'
Slack : 0.383
TNS   : 0.000

Type  : Fast 1200mV 0C Model Hold 'statectrl:U14|ramin_latch'
Slack : 0.599
TNS   : 0.000

Type  : Fast 1200mV 0C Model Hold 'statectrl:U14|ramrd_latch'
Slack : 1.054
TNS   : 0.000

Type  : Fast 1200mV 0C Model Recovery 'clk_input'
Slack : -0.207
TNS   : -6.909

Type  : Fast 1200mV 0C Model Recovery 'uart:uart_inst|txd:inst2|txd_done'
Slack : 0.063
TNS   : 0.000

Type  : Fast 1200mV 0C Model Recovery 'statectrl:U14|romin_latch'
Slack : 0.154
TNS   : 0.000

Type  : Fast 1200mV 0C Model Recovery 'uart:uart_inst|baud_gen:inst|bclk'
Slack : 0.205
TNS   : 0.000

Type  : Fast 1200mV 0C Model Recovery 'uart:uart_inst|rxd:inst1|r_ready'
Slack : 0.373
TNS   : 0.000

Type  : Fast 1200mV 0C Model Removal 'clk_input'
Slack : 0.078
TNS   : 0.000

Type  : Fast 1200mV 0C Model Removal 'uart:uart_inst|baud_gen:inst|bclk'
Slack : 0.294
TNS   : 0.000

Type  : Fast 1200mV 0C Model Removal 'uart:uart_inst|rxd:inst1|r_ready'
Slack : 0.308
TNS   : 0.000

Type  : Fast 1200mV 0C Model Removal 'statectrl:U14|romin_latch'
Slack : 0.556
TNS   : 0.000

Type  : Fast 1200mV 0C Model Removal 'uart:uart_inst|txd:inst2|txd_done'
Slack : 0.650
TNS   : 0.000

Type  : Fast 1200mV 0C Model Minimum Pulse Width 'clk_input'
Slack : -3.000
TNS   : -165.043

Type  : Fast 1200mV 0C Model Minimum Pulse Width 'uart:uart_inst|baud_gen:inst|bclk'
Slack : -1.000
TNS   : -109.000

Type  : Fast 1200mV 0C Model Minimum Pulse Width 'clk_divider:U1|clk_out'
Slack : -1.000
TNS   : -93.000

Type  : Fast 1200mV 0C Model Minimum Pulse Width 'ir:U5|instruction[10]'
Slack : -1.000
TNS   : -48.008

Type  : Fast 1200mV 0C Model Minimum Pulse Width 'statectrl:U14|enirin_latch'
Slack : -1.000
TNS   : -17.000

Type  : Fast 1200mV 0C Model Minimum Pulse Width 'clk_divider:U1|clk_led'
Slack : -1.000
TNS   : -13.000

Type  : Fast 1200mV 0C Model Minimum Pulse Width 'rom_new:U4|monostable_trigger:inst3|pulse'
Slack : -1.000
TNS   : -9.000

Type  : Fast 1200mV 0C Model Minimum Pulse Width 'uart:uart_inst|rxd:inst1|r_ready'
Slack : -1.000
TNS   : -9.000

Type  : Fast 1200mV 0C Model Minimum Pulse Width 'statectrl:U14|enalu_latch'
Slack : -1.000
TNS   : -8.000

Type  : Fast 1200mV 0C Model Minimum Pulse Width 'statectrl:U14|nextn_latch'
Slack : -1.000
TNS   : -8.000

Type  : Fast 1200mV 0C Model Minimum Pulse Width 'statectrl:U14|ramin_latch'
Slack : -1.000
TNS   : -8.000

Type  : Fast 1200mV 0C Model Minimum Pulse Width 'statectrl:U14|ramrd_latch'
Slack : -1.000
TNS   : -8.000

Type  : Fast 1200mV 0C Model Minimum Pulse Width 'statectrl:U14|ramwt_latch'
Slack : -1.000
TNS   : -2.000

Type  : Fast 1200mV 0C Model Minimum Pulse Width 'statectrl:U14|enled_latch'
Slack : -1.000
TNS   : -1.000

Type  : Fast 1200mV 0C Model Minimum Pulse Width 'statectrl:U14|romin_latch'
Slack : -1.000
TNS   : -1.000

Type  : Fast 1200mV 0C Model Minimum Pulse Width 'uart:uart_inst|txd:inst2|txd_done'
Slack : -1.000
TNS   : -1.000

Type  : Fast 1200mV 0C Model Minimum Pulse Width 'statectrl:U14|dbfbin_latch'
Slack : 0.363
TNS   : 0.000

------------------------------------------------------------
